Flutter crash report.
Please report a bug at https://github.com/flutter/flutter/issues.

## command

flutter build ios --release --no-codesign

## exception

FileSystemException: FileSystemException: Deletion failed, path = '/Users/christiantejada/Desktop/development/exodus/ios/Flutter/ephemeral/Packages/.packages' (OS Error: Directory not empty, errno = 66)

```
#0      _Directory._deleteSync (dart:io/directory_impl.dart:216:7)
#1      FileSystemEntity.deleteSync (dart:io/file_system_entity.dart:425:7)
#2      ForwardingFileSystemEntity.deleteSync (package:file/src/forwarding/forwarding_file_system_entity.dart:70:16)
#3      ErrorHandlingDirectory.deleteSync.<anonymous closure> (package:flutter_tools/src/base/error_handling_io.dart:451:22)
#4      _runSync (package:flutter_tools/src/base/error_handling_io.dart:552:14)
#5      ErrorHandlingDirectory.deleteSync (package:flutter_tools/src/base/error_handling_io.dart:450:12)
#6      ErrorHandlingFileSystem.deleteIfExists (package:flutter_tools/src/base/error_handling_io.dart:90:14)
#7      SwiftPackageManager.generatePluginsSwiftPackage (package:flutter_tools/src/macos/swift_package_manager.dart:66:29)
#8      DarwinDependencyManagement.setUp (package:flutter_tools/src/macos/darwin_dependency_management.dart:77:34)
#9      injectPlugins (package:flutter_tools/src/flutter_plugins.dart:1378:42)
<asynchronous suspension>
#10     FlutterProject.ensureReadyForPlatformSpecificTooling (package:flutter_tools/src/project.dart:420:5)
<asynchronous suspension>
#11     FlutterCommand.regeneratePlatformSpecificToolingIfApplicable (package:flutter_tools/src/runner/flutter_command.dart:2010:5)
<asynchronous suspension>
#12     FlutterCommand.verifyThenRunCommand (package:flutter_tools/src/runner/flutter_command.dart:1966:7)
<asynchronous suspension>
#13     FlutterCommand.run.<anonymous closure> (package:flutter_tools/src/runner/flutter_command.dart:1630:27)
<asynchronous suspension>
#14     AppContext.run.<anonymous closure> (package:flutter_tools/src/base/context.dart:154:19)
<asynchronous suspension>
#15     CommandRunner.runCommand (package:args/command_runner.dart:212:13)
<asynchronous suspension>
#16     FlutterCommandRunner.runCommand.<anonymous closure> (package:flutter_tools/src/runner/flutter_command_runner.dart:496:9)
<asynchronous suspension>
#17     AppContext.run.<anonymous closure> (package:flutter_tools/src/base/context.dart:154:19)
<asynchronous suspension>
#18     FlutterCommandRunner.runCommand (package:flutter_tools/src/runner/flutter_command_runner.dart:431:5)
<asynchronous suspension>
#19     FlutterCommandRunner.run.<anonymous closure> (package:flutter_tools/src/runner/flutter_command_runner.dart:307:33)
<asynchronous suspension>
#20     run.<anonymous closure>.<anonymous closure> (package:flutter_tools/runner.dart:104:11)
<asynchronous suspension>
#21     AppContext.run.<anonymous closure> (package:flutter_tools/src/base/context.dart:154:19)
<asynchronous suspension>
#22     main (package:flutter_tools/executable.dart:103:3)
<asynchronous suspension>
```

## flutter doctor

```
[✓] Flutter (Channel stable, 3.44.1, on macOS 26.0 25A354 darwin-arm64, locale en-US) [221ms]
    • Flutter version 3.44.1 on channel stable at /opt/homebrew/share/flutter
    • Upstream repository https://github.com/flutter/flutter.git
    • Framework revision 924134a44c (9 weeks ago), 2026-05-29 12:13:22 -0400
    • Engine revision c416acfeb8
    • Dart version 3.12.1
    • DevTools version 2.57.0
    • Feature flags: enable-web, enable-linux-desktop, enable-macos-desktop, enable-windows-desktop, enable-android, enable-ios, cli-animations, enable-native-assets, enable-swift-package-manager, omit-legacy-version-file, enable-lldb-debugging, enable-uiscene-migration

[!] Android toolchain - develop for Android devices (Android SDK version 35.0.0) [231ms]
    • Android SDK at /opt/homebrew/share/android-commandlinetools
    • Emulator version unknown
    • Platform android-36, build-tools 35.0.0
    • Java binary at: /usr/bin/java
      This JDK was found in the system PATH.
      To manually set the JDK path, use: `flutter config --jdk-dir="path/to/jdk"`.
    ✗ Could not determine java version

[✓] Xcode - develop for iOS and macOS (Xcode 26.3) [785ms]
    • Xcode at /Applications/Xcode.app/Contents/Developer
    • Build 17C529
    • CocoaPods version 1.16.2

[✓] Chrome - develop for the web [24ms]
    • Chrome at /Applications/Google Chrome.app/Contents/MacOS/Google Chrome

[✓] Connected device (4 available) [6.3s]
    • iPhone 17 Pro (mobile)     • D5362FC5-DBAC-4695-B59A-CA1A08A93D7E • ios            • com.apple.CoreSimulator.SimRuntime.iOS-26-3 (simulator)
    • iPhone 17 Pro Max (mobile) • 23EA17C5-6B55-4E69-A284-F9D309D42206 • ios            • com.apple.CoreSimulator.SimRuntime.iOS-26-3 (simulator)
    • macOS (desktop)            • macos                                • darwin-arm64   • macOS 26.0 25A354 darwin-arm64
    • Chrome (web)               • chrome                               • web-javascript • Google Chrome 150.0.7871.187

[✓] Network resources [328ms]
    • All expected network resources are available.

! Doctor found issues in 1 category.
```
